[trananphu.com/index.html]
[www.trananphu.com/favicon.png]
[backblue.gif]
[fade.gif]
[index.html]
[www.trananphu.com/theme/css/bootstrap.min.css]
[www.trananphu.com/theme/style/style.css]
[www.trananphu.com/theme/js/jquery.min.js]
[www.trananphu.com/theme/js/bootstrap-carousel.js]
[www.trananphu.com/theme/js/jQuerySliderEvolution/slider/themes/fresh/jquery.slider.css]
[www.trananphu.com/theme/js/jQuerySliderEvolution/slider/jquery.slider.min.js]
[www.trananphu.com/theme/css/show3d.css]
[www.trananphu.com/theme/js/modernizr.custom.53451.js]
[www.trananphu.com/theme/js/jquery.gallery.js]
[www.trananphu.com/theme/images/logo.png]
[www.trananphu.com/upload/slide/banner2.png]
[www.trananphu.com/upload/slide/banner2.jpg]
[www.trananphu.com/upload/slide/banner4.jpg]
[www.trananphu.com/upload/slide/banner5.jpg]
[www.trananphu.com/upload/slide/banner1.jpg]
[www.trananphu.com/upload/slide/banner3.jpg]
[www.trananphu.com/upload/product/thumb_image/Beta-gulcan1464065423.png]
[www.trananphu.com/upload/product/thumb_image/Bacillus1464065248.png]
[www.trananphu.com/upload/product/thumb_image/D-Hepatic1464066236.png]
[www.trananphu.com/upload/product/thumb_image/VIP-Hufa1464066837.png]
[www.trananphu.com/upload/news/thumb_image/EMS-1505500141.jpg]
[www.trananphu.com/upload/news/thumb_image/benh-gao-ca-tra-1505487806.jpg]
[www.trananphu.com/upload/news/thumb_image/maunuoc2308-1503782745.jpg]
[www.trananphu.com/upload/news/thumb_image/cham-soc-tom_1-1503729521.jpg]
[www.trananphu.com/upload/news/thumb_image/img_1643-1503728669.jpg]
[www.trananphu.com/upload/news/thumb_image/izq1420514239-1496567078.jpg]
[www.trananphu.com/upload/news/thumb_image/5-sai-lam-thuong-gap-nhat-trong-nuoi-tom-1494828756.jpg]
[www.trananphu.com/upload/news/thumb_image/nuoi-tom-the-chan-trang-thanh-cong-bang-vi-sinh-toi-1472565866.jpg]
[www.sinhhoctomvang.vn/theme/images/icon-call.png]
[www.trananphu.com/theme/images/social-facebook.png]
[www.trananphu.com/theme/images/social-google.png]
[www.trananphu.com/theme/images/social-tweet.png]
[apis.google.com/js/platform.js]
[connect.facebook.net/vi_VN/all.js]
[platform.twitter.com/widgets.js]
[trananphu.com/index.html]
[www.trananphu.com/theme/css/bootstrap.min.css]
[www.trananphu.com/theme/images/bg-header.png]
[www.trananphu.com/theme/images/search-btn.png]
[www.trananphu.com/theme/images/polygon.png]
[www.trananphu.com/theme/images/pr-t-1.png]
[www.trananphu.com/theme/images/pr-t-2.png]
[www.trananphu.com/theme/style/style.css]
[www.trananphu.com/theme/js/jQuerySliderEvolution/slider/themes/fresh/images/jquery-slider-theme.png]
[www.trananphu.com/theme/js/jQuerySliderEvolution/slider/themes/fresh/jquery.slider.css]
[www.trananphu.com/theme/images/bg-show.png]
[www.trananphu.com/theme/css/show3d.css]
[www.trananphu.com/theme/images/arrows.html]
[trananphu.com/ABCDEFGHIJKLMNOPQRSTUVWXYZabcdefghijklmnopqrstuvwxyz0123456789+/index.html]
[trananphu.com/restserver.html]
[trananphu.com/^([^_/indexd41d.html]
[connect.facebook.net/vi_VN/all.js]
[trananphu.com/dialog/index.html]
[www.trananphu.com/theme/images/error404.png]
[www.trananphu.com/theme/images/arrows.html]
[trananphu.com/ABCDEFGHIJKLMNOPQRSTUVWXYZabcdefghijklmnopqrstuvwxyz0123456789+/index.html]
[trananphu.com/^([^_/indexd41d.html]
[trananphu.com/restserver.html]
[trananphu.com/dialog/index.html]
[trananphu.com/%s/profile4d6d.html]
